
  EPA STORM WATER MANAGEMENT MODEL - VERSION 5.2 (Build 5.2.4)
  PYSWMM TOOLKIT API - VERSION v1.0 (2026-02-26)
  ------------------------------------------------------------

  
  ****************
  Analysis Options
  ****************
  Flow Units ............... LPS
  Process Models:
    Rainfall/Runoff ........ NO
    RDII ................... NO
    Snowmelt ............... NO
    Groundwater ............ NO
    Flow Routing ........... YES
    Ponding Allowed ........ YES
    Water Quality .......... YES
  Flow Routing Method ...... DYNWAVE
  Surcharge Method ......... EXTRAN
  Starting Date ............ 01/01/2025 00:00:00
  Ending Date .............. 01/03/2025 00:00:00
  Antecedent Dry Days ...... 0.0
  Report Time Step ......... 00:05:00
  Routing Time Step ........ 60.00 sec
  Variable Time Step ....... YES
  Maximum Trials ........... 10
  Number of Threads ........ 1
  Head Tolerance ........... 0.001500 m
  
  
  **************************        Volume        Volume
  Flow Routing Continuity        hectare-m      10^6 ltr
  **************************     ---------     ---------
  Dry Weather Inflow .......         0.000         0.000
  Wet Weather Inflow .......         0.000         0.000
  Groundwater Inflow .......         0.000         0.000
  RDII Inflow ..............         0.000         0.000
  External Inflow ..........         8.396        83.960
  External Outflow .........         8.280        82.803
  Flooding Loss ............         0.000         0.000
  Evaporation Loss .........         0.000         0.000
  Exfiltration Loss ........         0.000         0.000
  Initial Stored Volume ....         0.016         0.159
  Final Stored Volume ......         0.135         1.352
  Continuity Error (%) .....        -0.043
  
  
  **************************          BODf          BODs           NH4           NO3            DO
  Quality Routing Continuity            kg            kg            kg            kg            kg
  **************************    ----------    ----------    ----------    ----------    ----------
  Dry Weather Inflow .......         0.000         0.000         0.000         0.000         0.000
  Wet Weather Inflow .......         0.000         0.000         0.000         0.000         0.000
  Groundwater Inflow .......         0.000         0.000         0.000         0.000         0.000
  RDII Inflow ..............         0.000         0.000         0.000         0.000         0.000
  External Inflow ..........     16868.811      4161.964      2548.647        49.685       167.472
  External Outflow .........      7416.095      2395.842      1012.383        49.085       106.140
  Flooding Loss ............         0.000         0.000         0.000         0.000         0.000
  Exfiltration Loss ........         0.000         0.000         0.000         0.000         0.000
  Mass Reacted .............      9277.451      1723.237      1513.458         0.015        58.946
  Initial Stored Mass ......         0.000         0.000         0.000         0.000         0.000
  Final Stored Mass ........       183.445        44.615        23.849         0.599         2.423
  Continuity Error (%) .....        -0.048        -0.042        -0.041        -0.029        -0.022
  
  
  **************************          TSSs          TSSn         TR_in         TR_ww
  Quality Routing Continuity            kg            kg            kg            kg
  **************************    ----------    ----------    ----------    ----------
  Dry Weather Inflow .......         0.000         0.000         0.000         0.000
  Wet Weather Inflow .......         0.000         0.000         0.000         0.000
  Groundwater Inflow .......         0.000         0.000         0.000         0.000
  RDII Inflow ..............         0.000         0.000         0.000         0.000
  External Inflow ..........     13593.759         0.000         0.000         0.000
  External Outflow .........      7018.134         0.000         0.000         0.000
  Flooding Loss ............         0.000         0.000         0.000         0.000
  Exfiltration Loss ........         0.000         0.000         0.000         0.000
  Mass Reacted .............      6434.851         0.000         0.000         0.000
  Initial Stored Mass ......         0.000         0.000         0.000         0.000
  Final Stored Mass ........       146.900         0.000         0.000         0.000
  Continuity Error (%) .....        -0.045         0.000         0.000         0.000
  
  
  *************************
  Highest Continuity Errors
  *************************
  Node VP0232532 (4.11%)
  Node HS1314512 (2.64%)
  Node HS1314505 (1.58%)
  Node YS2003067 (1.19%)
  
  
  ***************************
  Time-Step Critical Elements
  ***************************
  Link HS2003014.1 (99.33%)
  
  
  ********************************
  Highest Flow Instability Indexes
  ********************************
  All links are stable.
  
  
  *********************************
  Most Frequent Nonconverging Nodes
  *********************************
  Convergence obtained at all time steps.
  
  
  *************************
  Routing Time Step Summary
  *************************
  Minimum Time Step           :     2.73 sec
  Average Time Step           :     4.24 sec
  Maximum Time Step           :    12.08 sec
  % of Time in Steady State   :     0.00
  Average Iterations per Step :     2.00
  % of Steps Not Converging   :     0.00
  Time Step Frequencies       :
     60.000 - 23.031 sec      :     0.00 %
     23.031 -  8.841 sec      :     0.00 %
      8.841 -  3.393 sec      :   100.00 %
      3.393 -  1.303 sec      :     0.00 %
      1.303 -  0.500 sec      :     0.00 %
  
  
  ******************
  Node Depth Summary
  ******************
  
  ---------------------------------------------------------------------------------
                                 Average  Maximum  Maximum  Time of Max    Reported
                                   Depth    Depth      HGL   Occurrence   Max Depth
  Node                 Type       Meters   Meters   Meters  days hr:min      Meters
  ---------------------------------------------------------------------------------
  HS1306471            JUNCTION     0.03     0.03    23.45     0  18:01        0.03
  HS1306554            JUNCTION     0.23     0.29    19.64     0  16:28        0.29
  HS1306571            JUNCTION     0.20     0.27    19.49     0  17:03        0.27
  HS1306601            JUNCTION     0.17     0.22    19.01     0  16:33        0.22
  HS1308259            JUNCTION     0.06     0.08    19.92     0  09:04        0.08
  HS1308301            JUNCTION     0.16     0.23    18.48     0  16:31        0.23
  HS1308302            JUNCTION     0.16     0.23    18.43     0  16:34        0.23
  HS1308324            JUNCTION     0.18     0.26    18.16     0  16:41        0.26
  HS1311284            JUNCTION     0.03     0.03    21.20     0  14:00        0.03
  HS1311288            JUNCTION     0.09     0.10    21.36     0  17:01        0.10
  HS1311339            JUNCTION     0.06     0.08    22.21     0  07:19        0.08
  HS1311349            JUNCTION     0.35     0.36    22.60     0  12:06        0.36
  HS1311473            JUNCTION     0.02     0.03    23.00     0  20:00        0.03
  HS1311475            JUNCTION     0.02     0.03    22.20     0  17:03        0.03
  HS1311887            JUNCTION     0.04     0.05    20.61     0  16:06        0.05
  HS1313001            JUNCTION     0.08     0.10    20.64     0  16:07        0.10
  HS1313025            JUNCTION     0.13     0.17    20.47     0  17:00        0.17
  HS1313026            JUNCTION     0.06     0.08    20.78     0  17:00        0.08
  HS1313044            JUNCTION     0.19     0.26    20.36     0  17:04        0.26
  HS1313083            JUNCTION     0.27     0.34    20.43     0  17:10        0.34
  HS1313123            JUNCTION     0.27     0.34    20.39     0  17:07        0.34
  HS1313140            JUNCTION     0.22     0.28    20.37     0  17:02        0.28
  HS1313167            JUNCTION     0.02     0.04    20.04     0  17:09        0.04
  HS1313205            JUNCTION     0.09     0.11    19.33     0  16:28        0.11
  HS1313220            JUNCTION     0.19     0.25    19.14     0  16:02        0.25
  HS1313253            JUNCTION     0.07     0.11    20.38     0  17:04        0.11
  HS1313283            JUNCTION     0.06     0.08    21.13     0  17:01        0.08
  HS1313290            JUNCTION     0.12     0.15    19.75     0  10:09        0.15
  HS1313298            JUNCTION     0.09     0.12    19.80     0  10:07        0.12
  HS1313343            JUNCTION     0.05     0.07    19.94     0  21:01        0.07
  HS1313391            JUNCTION     0.17     0.21    19.12     0  16:17        0.21
  HS1313415            JUNCTION     0.05     0.07    20.17     0  16:07        0.07
  HS1313471            JUNCTION     0.05     0.07    20.87     0  16:00        0.07
  HS1313487            JUNCTION     0.10     0.12    20.59     0  16:04        0.12
  HS1313508            JUNCTION     0.03     0.04    20.90     0  15:00        0.04
  HS1313534            JUNCTION     0.03     0.04    20.01     0  12:00        0.04
  HS1313569            JUNCTION     0.02     0.03    20.32     0  07:01        0.03
  HS1313597            JUNCTION     0.04     0.05    19.97     0  16:08        0.05
  HS1313613            JUNCTION     0.04     0.05    20.41     0  16:02        0.05
  HS1313618            JUNCTION     0.04     0.05    22.43     0  17:00        0.05
  HS1313640            JUNCTION     0.05     0.06    21.70     0  17:03        0.06
  HS1313676            JUNCTION     0.11     0.14    20.50     0  10:00        0.14
  HS1313740            JUNCTION     0.03     0.04    20.79     0  16:01        0.04
  HS1313794            JUNCTION     0.10     0.13    18.82     0  16:21        0.13
  HS1313803            JUNCTION     0.12     0.15    18.94     0  16:17        0.15
  HS1313835            JUNCTION     0.13     0.17    18.64     0  16:19        0.17
  HS1313839            JUNCTION     0.06     0.08    20.42     0  17:01        0.08
  HS1313865            JUNCTION     0.08     0.09    20.20     0  17:07        0.09
  HS1313925            JUNCTION     0.03     0.04    21.46     0  08:01        0.04
  HS1313959            JUNCTION     0.07     0.09    20.34     0  08:10        0.09
  HS1313965            JUNCTION     0.05     0.06    22.18     0  09:01        0.06
  HS1314210            JUNCTION     0.05     0.07    20.09     0  14:04        0.07
  HS1314237            JUNCTION     0.12     0.15    19.88     0  17:00        0.15
  HS1314268            JUNCTION     0.10     0.12    19.19     0  17:02        0.12
  HS1316010            JUNCTION     0.03     0.04    21.77     0  17:00        0.04
  HS1316177            JUNCTION     0.16     0.22    18.52     0  16:20        0.22
  HS1316202            JUNCTION     0.21     0.29    18.49     0  16:21        0.29
  HS1316207            JUNCTION     0.28     0.35    18.47     0  16:21        0.35
  HS1316267            JUNCTION     0.10     0.12    19.26     0  08:27        0.12
  HS1316302            JUNCTION     0.03     0.04    21.57     0  16:01        0.04
  HS1316334            JUNCTION     0.01     0.01    22.89     0  16:05        0.01
  HS1316344            JUNCTION     0.07     0.08    19.85     0  08:14        0.08
  HS1316396            JUNCTION     0.00     0.00    20.39     0  00:00        0.00
  HS1316415            JUNCTION     0.07     0.09    20.29     0  15:02        0.09
  HS1316417            JUNCTION     0.56     0.58    19.77     0  14:02        0.58
  HS1316445            JUNCTION     0.04     0.05    19.79     0  15:04        0.05
  HS1316467            JUNCTION     0.07     0.08    21.44     0  16:03        0.08
  HS1316530            JUNCTION     0.26     0.33    18.44     0  16:21        0.33
  HS1316532            JUNCTION     0.04     0.06    18.67     0  16:18        0.06
  HS1316554            JUNCTION     0.19     0.24    19.32     0  16:18        0.24
  HS1316563            JUNCTION     0.30     0.36    19.45     0  16:16        0.36
  HS1316566            JUNCTION     0.11     0.13    19.50     0  16:20        0.13
  HS1316585            JUNCTION     0.10     0.13    20.16     0  16:15        0.13
  HS1316643            JUNCTION     0.06     0.08    22.21     0  16:04        0.08
  HS1316671            JUNCTION     0.06     0.09    23.07     0  16:01        0.09
  HS1316676            JUNCTION     0.03     0.04    22.41     0  17:02        0.04
  HS1316677            JUNCTION     0.04     0.05    22.29     0  17:04        0.05
  HS1316707            JUNCTION     0.05     0.06    21.74     0  16:04        0.06
  HS1316721            JUNCTION     0.10     0.12    20.51     0  10:00        0.12
  HS1316726            JUNCTION     0.10     0.13    20.41     0  09:01        0.13
  HS1316786            JUNCTION     0.09     0.10    20.32     0  16:14        0.10
  HS1316811            JUNCTION     0.05     0.06    22.04     0  07:06        0.06
  HS1316814            JUNCTION     0.04     0.05    23.00     0  16:00        0.05
  HS1316835            JUNCTION     0.05     0.06    22.47     0  10:01        0.06
  HS1316849            JUNCTION     0.06     0.07    22.19     0  16:00        0.07
  HS1316892            JUNCTION     0.03     0.04    22.62     0  16:01        0.04
  HS1317102            JUNCTION     0.00     0.00    20.62     0  00:00        0.00
  HS1318293            JUNCTION     0.13     0.17    19.71     0  16:55        0.17
  HS1324403            JUNCTION     0.26     0.33    20.33     0  17:05        0.33
  HS1330826            JUNCTION     0.09     0.13    19.48     0  16:02        0.13
  HS1330842            JUNCTION     0.06     0.08    19.39     0  16:04        0.08
  HS1344159            JUNCTION     0.14     0.18    18.59     0  16:22        0.18
  HS1344166            JUNCTION     0.20     0.27    20.43     0  17:08        0.27
  HS1344261            JUNCTION     0.03     0.05    21.66     0  16:00        0.05
  HS1344263            JUNCTION     0.09     0.11    20.66     0  17:05        0.11
  HS1344902            JUNCTION     0.06     0.08    23.27     0  17:01        0.08
  HS1344920            JUNCTION     0.04     0.05    21.22     0  17:00        0.05
  HS2003070            JUNCTION     0.18     0.21    18.61     0  17:08        0.21
  HS2003085            JUNCTION     0.21     0.25    18.62     0  17:06        0.25
  HS2003111            JUNCTION     0.11     0.14    18.66     0  17:04        0.14
  HS2003125            JUNCTION     0.01     0.02    18.69     0  13:06        0.02
  MH0100334            JUNCTION     0.05     0.07    19.98     0  16:11        0.07
  MH0200661            JUNCTION     0.05     0.06    20.23     0  14:41        0.06
  MH0201597            JUNCTION     0.19     0.26    19.73     0  16:53        0.26
  MH0201629            JUNCTION     0.03     0.04    19.91     0  16:01        0.04
  MH0201710            JUNCTION     0.08     0.15    19.74     0  17:00        0.15
  MH0241587            JUNCTION     0.07     0.09    20.32     0  17:05        0.09
  MH0242298            JUNCTION     0.09     0.12    19.01     0  17:00        0.12
  MH0242303            JUNCTION     0.08     0.10    18.73     0  17:02        0.10
  MH0242782            JUNCTION     0.05     0.07    22.60     0  08:03        0.07
  MH0258475            JUNCTION     0.04     0.06    23.17     0  17:01        0.06
  VP0232532            JUNCTION     0.08     0.08    20.23     0  17:24        0.08
  YS2003067            JUNCTION     0.40     0.43    18.62     0  17:08        0.43
  MH0100819            OUTFALL      0.14     0.19    17.43     0  16:53        0.19
  1                    OUTFALL      0.26     0.31    17.81     0  16:47        0.31
  HS1314512            STORAGE      0.45     0.52    18.11     0  16:47        0.52
  HS1314477            STORAGE      0.50     0.57    18.11     0  16:47        0.57
  HS2003013            STORAGE      0.19     0.26    18.11     0  16:47        0.26
  HS1314769            STORAGE      0.26     0.33    18.11     0  16:47        0.33
  HS1314505            STORAGE      0.38     0.45    18.11     0  16:47        0.45
  HS2003015            STORAGE      0.09     0.12    18.21     0  17:04        0.12
  HS2003023            STORAGE      0.23     0.28    18.45     0  17:03        0.28
  HS2003046            STORAGE      0.17     0.24    18.55     0  17:01        0.24
  HS1306904            STORAGE      0.31     0.39    18.69     0  16:25        0.39
  HS1313402            STORAGE      0.11     0.15    18.99     0  16:18        0.15
  MH0101924            STORAGE      0.06     0.08    19.78     0  16:18        0.08
  MH0100292            STORAGE      0.12     0.15    19.90     0  16:20        0.15
  HS2003014            STORAGE      0.15     0.21    17.85     0  16:53        0.21
  
  
  *******************
  Node Inflow Summary
  *******************
  
  -------------------------------------------------------------------------------------------------
                                  Maximum  Maximum                  Lateral       Total        Flow
                                  Lateral    Total  Time of Max      Inflow      Inflow     Balance
                                   Inflow   Inflow   Occurrence      Volume      Volume       Error
  Node                 Type           LPS      LPS  days hr:min    10^6 ltr    10^6 ltr     Percent
  -------------------------------------------------------------------------------------------------
  HS1306471            JUNCTION      3.21     3.21     0  18:00       0.166       0.358       0.081
  HS1306554            JUNCTION     20.15    56.02     0  16:22       0.986        5.55       0.209
  HS1306571            JUNCTION     17.38   159.97     0  17:00       0.944        17.9       0.168
  HS1306601            JUNCTION      6.32   213.45     0  16:30       0.365          24       0.122
  HS1308259            JUNCTION      1.65    19.52     0  09:01      0.0953        2.05       0.141
  HS1308301            JUNCTION      0.00    46.19     0  16:23           0        3.85       0.193
  HS1308302            JUNCTION      7.58    52.65     0  16:31        0.39        4.58       0.090
  HS1308324            JUNCTION     12.74   303.82     0  16:29       0.674        34.8       0.113
  HS1311284            JUNCTION      1.50     1.95     0  14:00      0.0803       0.219       0.121
  HS1311288            JUNCTION      0.58     0.58     0  17:00      0.0317      0.0608       0.366
  HS1311339            JUNCTION      5.33     8.88     0  07:05       0.257           1       0.406
  HS1311349            JUNCTION      4.22     4.22     0  12:00       0.242        0.48       0.342
  HS1311473            JUNCTION      2.66     2.66     0  20:00       0.157        0.31       0.030
  HS1311475            JUNCTION      2.50     2.50     0  17:00       0.134       0.242       0.076
  HS1311887            JUNCTION     14.15    22.29     0  16:00       0.722        2.52       0.152
  HS1313001            JUNCTION      6.54    10.79     0  16:00       0.301        1.17       0.288
  HS1313025            JUNCTION      0.00    36.25     0  17:00           0        3.71       0.075
  HS1313026            JUNCTION     28.18    28.18     0  17:00        1.34        2.54       0.003
  HS1313044            JUNCTION      0.04    88.46     0  17:00     0.00201        9.81       0.106
  HS1313083            JUNCTION     35.72    37.57     0  17:00        1.99        4.36       0.296
  HS1313123            JUNCTION      2.59    39.41     0  17:41       0.117         4.6       0.266
  HS1313140            JUNCTION     13.55    13.55     0  17:00       0.781        1.52       0.000
  HS1313167            JUNCTION      0.00    13.33     0  17:05           0        1.12       0.289
  HS1313205            JUNCTION     17.34    87.07     0  16:24        0.94        10.5       0.176
  HS1313220            JUNCTION     34.39    53.81     0  16:00        1.55        5.36       0.068
  HS1313253            JUNCTION      0.12    13.48     0  17:01     0.00667        1.13       0.351
  HS1313283            JUNCTION     13.46    13.46     0  17:00       0.522        1.12       0.116
  HS1313290            JUNCTION     10.74    55.60     0  10:07       0.514        6.46       0.056
  HS1313298            JUNCTION      0.00    45.83     0  10:01           0        5.37       0.205
  HS1313343            JUNCTION     15.45    15.45     0  21:00       0.845        1.76       0.370
  HS1313391            JUNCTION      0.00    80.59     0  16:13           0        9.74       0.137
  HS1313415            JUNCTION      3.13    13.56     0  16:04       0.172        1.51       0.082
  HS1313471            JUNCTION      8.26     8.26     0  16:00       0.425       0.846       0.028
  HS1313487            JUNCTION      0.13    10.87     0  16:00     0.00728        1.18       0.267
  HS1313508            JUNCTION      3.03     3.03     0  15:00       0.154        0.32      -0.008
  HS1313534            JUNCTION      1.91     1.91     0  12:00       0.101       0.233       0.063
  HS1313569            JUNCTION      1.19     1.19     0  07:00      0.0495       0.104       0.153
  HS1313597            JUNCTION      0.03     8.65     0  16:01     0.00151       0.921       0.125
  HS1313613            JUNCTION      4.95     4.95     0  16:00       0.239        0.48       0.020
  HS1313618            JUNCTION      6.27     6.27     0  17:00       0.342       0.698       0.057
  HS1313640            JUNCTION      0.00     8.17     0  17:00           0       0.863       0.193
  HS1313676            JUNCTION     30.91    34.07     0  10:00        1.45        3.62       0.038
  HS1313740            JUNCTION      3.19     3.19     0  16:00       0.158       0.335       0.049
  HS1313794            JUNCTION      0.00    67.66     0  16:18           0        7.78       0.102
  HS1313803            JUNCTION      3.89    59.05     0  16:16       0.199        6.87       0.074
  HS1313835            JUNCTION     19.97    94.98     0  16:13        1.01        11.4       0.120
  HS1313839            JUNCTION      6.78     6.78     0  17:00       0.312       0.618       0.064
  HS1313865            JUNCTION      4.39    18.71     0  17:05       0.216        2.05       0.047
  HS1313925            JUNCTION      3.45     3.45     0  08:00       0.169       0.338       0.057
  HS1313959            JUNCTION      0.00    12.56     0  08:03           0        1.45       0.152
  HS1313965            JUNCTION     10.09    10.09     0  09:00       0.593        1.11       0.029
  HS1314210            JUNCTION      6.08     6.08     0  14:00       0.311       0.633       0.092
  HS1314237            JUNCTION     34.56    39.57     0  17:00        1.97        4.56       0.085
  HS1314268            JUNCTION      1.26    40.33     0  17:01      0.0711        4.68       0.052
  HS1316010            JUNCTION      1.93     1.93     0  17:00      0.0859       0.166       0.100
  HS1316177            JUNCTION      0.00    94.89     0  16:14           0        11.5       0.081
  HS1316202            JUNCTION      0.00   104.61     0  16:19           0        12.6       0.106
  HS1316207            JUNCTION      0.00   201.74     0  16:21           0          24       0.045
  HS1316267            JUNCTION      6.47    22.37     0  16:02       0.306        2.55       0.348
  HS1316302            JUNCTION      0.00     4.55     0  16:00           0       0.451       0.173
  HS1316334            JUNCTION      0.21     0.21     0  16:00      0.0117      0.0238       0.151
  HS1316344            JUNCTION      0.64    13.15     0  08:11      0.0375        1.53       0.079
  HS1316396            JUNCTION      0.00     0.00     0  00:00           0           0       0.000 ltr
  HS1316415            JUNCTION     10.16    10.16     0  15:00       0.498       0.951       0.115
  HS1316417            JUNCTION     14.09    14.09     0  14:00       0.702        1.58       0.150
  HS1316445            JUNCTION      1.57    11.51     0  15:02       0.086        1.13       0.066
  HS1316467            JUNCTION     14.93    24.85     0  16:00        0.71        2.85       0.067
  HS1316530            JUNCTION     25.94   227.27     0  16:22        1.36        26.7       0.089
  HS1316532            JUNCTION      0.26    97.22     0  16:18      0.0137        11.4       0.011
  HS1316554            JUNCTION      0.00    68.66     0  16:17           0        7.84       0.073
  HS1316563            JUNCTION      0.00    68.77     0  16:11           0        7.86       0.250
  HS1316566            JUNCTION      6.58    44.24     0  16:19       0.358        5.01       0.031
  HS1316585            JUNCTION      0.00    38.11     0  16:10           0         4.3       0.117
  HS1316643            JUNCTION      1.00    20.42     0  16:01      0.0723        1.94       0.119
  HS1316671            JUNCTION     16.04    16.04     0  16:00       0.714        1.49       0.072
  HS1316676            JUNCTION      0.16     9.99     0  17:01     0.00821       0.835       0.034
  HS1316677            JUNCTION      3.44     8.14     0  17:03       0.171       0.838       0.023
  HS1316707            JUNCTION      3.70    14.00     0  16:01       0.221        1.64       0.087
  HS1316721            JUNCTION      1.37    22.10     0  09:09      0.0654        2.78       0.167
  HS1316726            JUNCTION     18.28    18.28     0  09:00       0.909        1.87       0.130
  HS1316786            JUNCTION      7.77    28.41     0  16:14       0.343        3.49       0.049
  HS1316811            JUNCTION      7.71     9.97     0  07:00       0.385        1.12       0.192
  HS1316814            JUNCTION      5.52     5.52     0  16:00       0.303       0.587       0.029
  HS1316835            JUNCTION      3.18     8.16     0  10:00        0.17       0.942       0.049
  HS1316849            JUNCTION      2.90    10.43     0  16:00       0.121         1.2       0.049
  HS1316892            JUNCTION      3.88     3.88     0  16:00       0.185       0.409       0.070
  HS1317102            JUNCTION      0.00     0.00     0  00:00           0           0       0.000 ltr
  HS1318293            JUNCTION      8.88   149.92     0  16:44       0.453        17.9       0.124
  HS1324403            JUNCTION      5.58    93.81     0  17:03       0.314        10.4       0.073
  HS1330826            JUNCTION      6.99     6.99     0  16:00       0.306       0.591       0.000
  HS1330842            JUNCTION      8.31    14.61     0  16:01       0.425        1.45       0.117
  HS1344159            JUNCTION      5.88    72.75     0  16:21       0.264        8.99       0.078
  HS1344166            JUNCTION      2.62     2.62     0  11:00       0.153       0.328       0.000
  HS1344261            JUNCTION      4.34     4.34     0  16:00       0.216       0.428       0.016
  HS1344263            JUNCTION      7.60    20.29     0  17:00       0.422        2.36       0.082
  HS1344902            JUNCTION      9.92     9.92     0  17:00       0.424       0.819       0.041
  HS1344920            JUNCTION      7.47     7.47     0  17:00        0.38       0.708       0.025
  HS2003070            JUNCTION      1.95    58.47     0  17:07      0.0915        6.79       0.082
  HS2003085            JUNCTION      3.01    44.29     0  17:04       0.135        5.23       0.834
  HS2003111            JUNCTION      0.00    41.77     0  17:02           0        4.95       0.000
  HS2003125            JUNCTION      2.69     2.69     0  13:00       0.143       0.277       0.145
  MH0100334            JUNCTION      0.00    22.09     0  16:06           0        2.51       0.220
  MH0200661            JUNCTION      3.51     5.16     0  14:17       0.162       0.581       1.243
  MH0201597            JUNCTION      0.00    38.08     0  17:00           0        3.78       0.667
  MH0201629            JUNCTION     12.51    12.51     0  16:00       0.576        1.18       0.000
  MH0201710            JUNCTION     23.75    28.50     0  17:00        1.11         2.6       0.083
  MH0241587            JUNCTION      1.76    16.22     0  17:02      0.0962        1.66       0.163
  MH0242298            JUNCTION     22.63    22.63     0  17:00        1.07        1.98       0.014
  MH0242303            JUNCTION     10.19    28.81     0  17:01       0.532        2.97       0.030
  MH0242782            JUNCTION     10.84    14.20     0  08:00       0.487        1.49       0.066
  MH0258475            JUNCTION      5.09     5.09     0  17:00       0.239        0.46       0.147
  VP0232532            JUNCTION      0.00     2.49     0  17:03           0       0.243       4.291
  YS2003067            JUNCTION      0.58    56.62     0  17:04      0.0289        6.69       1.206
  MH0100819            OUTFALL       0.00   413.50     0  16:53           0        44.9       0.000
  1                    OUTFALL       0.00   303.95     0  16:47           0        37.9       0.000
  HS1314512            STORAGE      14.54    44.98     0  23:06       0.767        3.76       2.711
  HS1314477            STORAGE       0.00   304.20     0  16:39           0        38.1       0.514
  HS2003013            STORAGE       0.00   413.39     0  16:45           0        45.8       0.047
  HS1314769            STORAGE       6.44    45.04     0  16:56       0.338        3.73       0.525
  HS1314505            STORAGE       0.00    38.99     0  16:43           0        4.39       1.605
  HS2003015            STORAGE       0.16   111.40     0  17:03     0.00824        12.2       0.034
  HS2003023            STORAGE       0.07   111.27     0  17:00     0.00313        12.3       0.139
  HS2003046            STORAGE       0.00   111.22     0  16:55           0        12.3       0.162
  HS1306904            STORAGE      28.01   277.13     0  16:24        1.41        31.9       0.207
  HS1313402            STORAGE      17.72   148.15     0  16:15       0.804        17.2       0.108
  MH0101924            STORAGE       7.73    50.28     0  16:16       0.412        5.83       0.088
  MH0100292            STORAGE       2.82    42.89     0  16:16       0.143        5.07       0.181
  HS2003014            STORAGE       0.65   413.82     0  16:46      0.0321          45      -0.002
  
  
  **********************
  Node Surcharge Summary
  **********************
  
  No nodes were surcharged.
  
  
  *********************
  Node Flooding Summary
  *********************
  
  No nodes were flooded.
  
  
  **********************
  Storage Volume Summary
  **********************
  
  ------------------------------------------------------------------------------------------------
                         Average    Avg   Evap  Exfil     Maximum    Max    Time of Max    Maximum
                          Volume   Pcnt   Pcnt   Pcnt      Volume   Pcnt     Occurrence    Outflow
  Storage Unit           1000 m³   Full   Loss   Loss     1000 m³   Full    days hr:min        LPS
  ------------------------------------------------------------------------------------------------
  HS1314512                0.001   15.0    0.0    0.0       0.001   17.4       0  16:47      47.32
  HS1314477                0.001   17.5    0.0    0.0       0.001   20.0       0  16:47     303.95
  HS2003013                0.000    6.3    0.0    0.0       0.001    8.5       0  16:47     413.36
  HS1314769                0.001    8.3    0.0    0.0       0.001   10.5       0  16:47      45.16
  HS1314505                0.001   12.1    0.0    0.0       0.001   14.4       0  16:47      38.99
  HS2003015                0.000    3.5    0.0    0.0       0.000    4.5       0  17:04     111.40
  HS2003023                0.000    8.7    0.0    0.0       0.001   10.7       0  17:03     111.26
  HS2003046                0.000    7.3    0.0    0.0       0.000    9.8       0  17:01     111.20
  HS1306904                0.001   10.2    0.0    0.0       0.001   12.7       0  16:25     277.27
  HS1313402                0.000    3.7    0.0    0.0       0.000    4.8       0  16:18     148.11
  MH0101924                0.000    2.7    0.0    0.0       0.000    3.5       0  16:18      50.27
  MH0100292                0.000    5.3    0.0    0.0       0.000    6.4       0  16:20      42.86
  HS2003014                0.152    5.5    0.0    0.0       0.206    7.4       0  16:53     413.50
  
  
  ***********************
  Outfall Loading Summary
  ***********************
  
  -----------------------------------------------------------------------------------------------------------------------------------------------------------------------------------------
                         Flow       Avg       Max       Total         Total         Total         Total         Total         Total         Total         Total         Total         Total
                         Freq      Flow      Flow      Volume          BODf          BODs           NH4           NO3            DO          TSSs          TSSn         TR_in         TR_ww
  Outfall Node           Pcnt       LPS       LPS    10^6 ltr            kg            kg            kg            kg            kg            kg            kg            kg            kg
  -----------------------------------------------------------------------------------------------------------------------------------------------------------------------------------------
  MH0100819            100.00    273.97    413.50      44.949        74.027       273.010         0.000        13.526        26.035       507.567         0.000         0.000         0.000
  1                    100.00    228.30    303.95      37.853      3708.064       950.465       510.391        11.267        27.316      3116.303         0.000         0.000         0.000
  -----------------------------------------------------------------------------------------------------------------------------------------------------------------------------------------
  System               100.00    502.26    717.37      82.803      3782.091      1223.475       510.391        24.793        53.351      3623.870         0.000         0.000         0.000
  
  
  ********************
  Link Flow Summary
  ********************
  
  -----------------------------------------------------------------------------
                                 Maximum  Time of Max   Maximum    Max/    Max/
                                  |Flow|   Occurrence   |Veloc|    Full    Full
  Link                 Type          LPS  days hr:min     m/sec    Flow   Depth
  -----------------------------------------------------------------------------
  HS1306554.1          CONDUIT     38.14     0  17:02      0.34    0.50    0.55
  HS1306554.2          CONDUIT     55.98     0  16:29      0.50    0.64    0.56
  HS1306571.1          CONDUIT    159.62     0  17:02      0.82    0.38    0.40
  HS1306601.1          CONDUIT     53.43     0  16:33      0.62    0.40    0.45
  HS1306904.1          CONDUIT     18.97     0  16:25      0.29    0.16    0.37
  HS1306904.2          CONDUIT    258.33     0  16:31      1.00    0.41    0.41
  HS1308259.1          CONDUIT     19.40     0  09:04      1.03    0.05    0.15
  HS1308301.1          CONDUIT     45.97     0  16:30      0.51    0.41    0.47
  HS1308302.1          CONDUIT     52.61     0  16:34      0.55    0.44    0.49
  HS1311288.1          CONDUIT      0.58     0  17:01      0.17    0.00    0.05
  HS1311349.2          CONDUIT      4.15     0  12:06      0.29    0.03    0.13
  HS1311887.1          CONDUIT     22.09     0  16:06      0.44    0.04    0.10
  HS1313026.1          CONDUIT     28.18     0  17:00      0.73    0.06    0.25
  HS1313044.1          CONDUIT     13.41     0  17:00      0.17    0.60    0.54
  HS1313083.1          CONDUIT     37.47     0  17:13      0.28    0.78    0.68
  HS1313083.2          CONDUIT      2.97     0  11:01      0.04    0.04    0.61
  HS1313123.1          CONDUIT     39.67     0  17:48      0.34    0.46    0.60
  HS1313167.1          CONDUIT     13.26     0  17:09      0.22    0.02    0.13
  HS1313205.2          CONDUIT     67.28     0  16:28      0.52    0.12    0.27
  HS1313220.1          CONDUIT     53.66     0  16:02      0.60    0.49    0.47
  HS1313290.1          CONDUIT     55.56     0  10:08      0.46    0.17    0.26
  HS1313298.1          CONDUIT     45.29     0  10:07      0.44    0.12    0.22
  HS1313343.1          CONDUIT     15.31     0  21:01      0.23    0.06    0.15
  HS1313391.1          CONDUIT     80.57     0  16:17      0.56    0.31    0.30
  HS1313402.1          CONDUIT     55.34     0  16:19      0.47    0.16    0.25
  HS1313402.2          CONDUIT     92.78     0  16:18      0.43    0.18    0.45
  HS1313471.1          CONDUIT      8.24     0  16:00      0.33    0.04    0.19
  HS1313508.1          CONDUIT      3.03     0  15:00      0.17    0.01    0.16
  HS1313613.1          CONDUIT      4.94     0  16:02      0.48    0.02    0.10
  HS1313618.1          CONDUIT      6.25     0  17:00      0.54    0.02    0.11
  HS1313794.1          CONDUIT     67.64     0  16:21      0.56    0.15    0.25
  HS1313803.1          CONDUIT     59.04     0  16:18      0.52    0.18    0.24
  HS1313835.1          CONDUIT     27.24     0  16:19      0.40    0.25    0.40
  HS1313835.2          CONDUIT     67.61     0  16:17      0.49    0.20    0.29
  HS1313839.1          CONDUIT      6.74     0  17:01      0.29    0.06    0.18
  HS1313965.1          CONDUIT     10.07     0  09:01      0.59    0.03    0.14
  HS1314210.1          CONDUIT      6.06     0  14:04      0.23    0.04    0.21
  HS1314237.1          CONDUIT     39.47     0  17:01      0.94    0.18    0.27
  HS1314268.1          CONDUIT     40.31     0  17:02      1.07    0.12    0.26
  HS1314505.1          CONDUIT     37.32     0  23:05      0.08    0.01    0.22
  HS1314769.1          CONDUIT     38.99     0  16:50      0.10    0.02    0.23
  HS1316177.1          CONDUIT     94.66     0  16:18      0.40    0.14    0.31
  HS1316202.1          CONDUIT    104.57     0  16:22      0.34    0.16    0.40
  HS1316207.1          CONDUIT    201.74     0  16:22      0.75    0.41    0.42
  HS1316267.1          CONDUIT     22.53     0  16:09      0.68    0.12    0.23
  HS1316302.1          CONDUIT      4.52     0  16:01      0.23    0.01    0.16
  HS1316415.1          CONDUIT     10.08     0  15:02      0.61    0.06    0.14
  HS1316417.1          CONDUIT     14.00     0  14:02      0.42    0.06    0.24
  HS1316445.1          CONDUIT     11.50     0  15:04      0.44    0.02    0.28
  HS1316467.1          CONDUIT     24.79     0  16:03      0.28    0.04    0.37
  HS1316467.2          CONDUIT      1.16     0  16:04      0.15    0.02    0.08
  HS1316532.1          CONDUIT     97.22     0  16:18      0.60    0.04    0.34
  HS1316554.1          CONDUIT     68.65     0  16:19      1.43    0.37    0.29
  HS1316563.1          CONDUIT     68.66     0  16:17      0.66    0.62    0.52
  HS1316566.1          CONDUIT     44.24     0  16:20      0.47    0.15    0.49
  HS1316585.1          CONDUIT     38.10     0  16:15      0.94    0.14    0.26
  HS1316671.1          CONDUIT     15.98     0  16:01      0.74    0.06    0.17
  HS1316676.1          CONDUIT      4.28     0  17:02      0.33    0.01    0.12
  HS1316677.1          CONDUIT      5.69     0  17:02      0.60    0.01    0.10
  HS1316721.1          CONDUIT     22.08     0  09:17      0.72    0.11    0.22
  HS1316726.1          CONDUIT     18.11     0  09:02      0.61    0.11    0.21
  HS1316786.1          CONDUIT     28.41     0  16:15      1.48    0.08    0.16
  HS1316811.1          CONDUIT      9.89     0  07:06      0.43    0.04    0.18
  HS1316814.1          CONDUIT      5.51     0  16:00      0.46    0.02    0.11
  HS1316835.1          CONDUIT      8.16     0  10:01      0.53    0.03    0.13
  HS1316849.1          CONDUIT     10.43     0  16:01      0.68    0.04    0.13
  HS1317102.1          CONDUIT      0.00     0  00:00      0.00    0.00    0.11
  HS1318293.1          CONDUIT     62.45     0  16:41      0.56    0.17    0.23
  HS1318293.2          CONDUIT     87.47     0  16:55      0.51    0.21    0.36
  HS1344159.1          CONDUIT     72.75     0  16:24      0.48    0.22    0.33
  HS1344261.1          CONDUIT      4.34     0  16:00      0.55    0.02    0.08
  HS1344263.1          CONDUIT     20.23     0  17:05      0.60    0.11    0.24
  HS1344902.1          CONDUIT      9.87     0  17:01      0.72    0.05    0.12
  HS2003013.1          CONDUIT     45.16     0  16:58      0.10    0.01    0.15
  HS2003015.1          CONDUIT    111.40     0  17:04      0.73    0.07    0.19
  HS2003023.1          CONDUIT    111.26     0  17:03      0.75    0.33    0.31
  HS2003046.1          CONDUIT    111.20     0  17:01      0.54    0.33    0.43
  HS2003070.1          CONDUIT     58.47     0  17:09      0.38    0.17    0.32
  HS2003085.1          CONDUIT     29.74     0  17:06      0.11    0.07    0.57
  HS2003125.1          CONDUIT      2.68     0  13:06      0.05    0.01    0.13
  MH0100292.1          CONDUIT     42.86     0  16:20      0.51    0.13    0.17
  MH0101924.1          CONDUIT     50.27     0  16:18      0.56    0.07    0.19
  MH0201597.1          CONDUIT     12.43     0  16:01      0.11    0.03    0.25
  MH0201710.1          CONDUIT     28.54     0  17:09      0.18    0.08    0.34
  MH0241587.1          CONDUIT     16.15     0  17:06      0.50    0.03    0.12
  MH0242298.1          CONDUIT     22.60     0  17:00      0.72    0.11    0.22
  MH0242303.1          CONDUIT     28.77     0  17:02      0.30    0.08    0.54
  MH0242782.1          CONDUIT     14.07     0  08:03      0.60    0.04    0.18
  MH0258475.1          CONDUIT      5.05     0  17:01      0.37    0.03    0.12
  VP0232532.1          CONDUIT      2.43     0  17:28      0.04    0.03    0.12
  YS2003067.1          CONDUIT     56.53     0  17:07      0.36    0.10    0.33
  HS2003014.2          CONDUIT    413.36     0  16:46      2.22    0.20    0.23
  HS2003014.1          CONDUIT    413.50     0  16:53      2.59    0.27    0.33
  1                    CONDUIT     47.32     0  23:05      0.06    0.02    0.36
  2                    CONDUIT    303.95     0  16:47      0.92    0.98    0.44
  C_HS1313487_HS1313415 CONDUIT     10.77     0  16:05      0.43    0.08    0.19
  link_3               CONDUIT     13.54     0  16:07      0.33    0.04    0.28
  link_4               CONDUIT      1.90     0  12:00      0.10    0.01    0.18
  link_6               CONDUIT     18.70     0  17:07      0.53    0.08    0.24
  link_9               CONDUIT      1.17     0  07:01      0.20    0.01    0.08
  link_10              CONDUIT      8.63     0  16:08      0.37    0.02    0.19
  link_11              CONDUIT      3.19     0  16:01      0.40    0.01    0.09
  5                    CONDUIT      1.92     0  17:00      0.18    0.02    0.10
  6                    CONDUIT      3.42     0  08:01      0.26    0.01    0.12
  7                    CONDUIT     12.52     0  08:11      0.59    0.06    0.17
  8                    CONDUIT     13.14     0  08:14      0.48    0.05    0.20
  9                    CONDUIT      0.00     0  00:00      0.00    0.00    0.12
  10                   CONDUIT      0.00     0  00:00      0.00    0.00    0.36
  11                   CONDUIT      0.21     0  16:05      0.09    0.00    0.05
  12                   CONDUIT     19.77     0  16:28      0.37    0.11    0.36
  13                   CONDUIT    159.96     0  16:33      0.66    0.32    0.51
  14                   CONDUIT     88.30     0  17:04      0.74    0.38    0.59
  15                   CONDUIT     93.78     0  17:05      0.97    0.61    0.49
  16                   CONDUIT     33.94     0  10:01      0.87    0.16    0.26
  17                   CONDUIT      7.46     0  17:00      0.34    0.02    0.18
  18                   CONDUIT      2.49     0  17:03      0.20    0.01    0.12
  19                   CONDUIT     36.21     0  17:00      0.50    0.25    0.43
  20                   CONDUIT      2.65     0  20:00      0.21    0.01    0.13
  21                   CONDUIT     10.47     0  16:07      0.25    0.09    0.27
  22                   CONDUIT      1.94     0  14:00      0.16    0.01    0.13
  23                   CONDUIT     13.33     0  17:05      0.75    0.08    0.15
  24                   CONDUIT     13.38     0  17:01      0.52    0.06    0.19
  25                   CONDUIT      5.06     0  14:41      0.30    0.02    0.17
  26                   CONDUIT      6.90     0  16:02      0.24    0.13    0.20
  28                   CONDUIT     20.33     0  16:04      0.69    0.06    0.21
  29                   CONDUIT      8.14     0  17:04      0.53    0.02    0.13
  30                   CONDUIT      3.87     0  16:01      0.28    0.01    0.12
  31                   CONDUIT     12.76     0  16:04      0.59    0.03    0.18
  32                   CONDUIT    227.37     0  16:24      0.78    0.35    0.37
  33                   CONDUIT    303.12     0  16:34      0.49    0.12    0.34
  34                   CONDUIT      3.20     0  18:01      0.34    0.01    0.10
  35                   CONDUIT      8.76     0  07:19      0.63    0.04    0.13
  36                   CONDUIT     14.59     0  16:04      0.15    0.05    0.50
  38                   CONDUIT     41.67     0  17:05      0.29    0.14    0.32
  39                   CONDUIT     14.50     0  17:08      0.06    0.03    0.34
  40                   CONDUIT     21.96     0  16:11      0.25    0.06    0.18
  41                   CONDUIT      8.12     0  17:03      0.44    0.03    0.15
  
  
  ***************************
  Flow Classification Summary
  ***************************
  
  -------------------------------------------------------------------------------------
                      Adjusted    ---------- Fraction of Time in Flow Class ---------- 
                       /Actual         Up    Down  Sub   Sup   Up    Down  Norm  Inlet 
  Conduit               Length    Dry  Dry   Dry   Crit  Crit  Crit  Crit  Ltd   Ctrl  
  -------------------------------------------------------------------------------------
  HS1306554.1             1.00   0.00  0.00  0.00  1.00  0.00  0.00  0.00  0.39  0.00
  HS1306554.2             1.00   0.00  0.00  0.00  1.00  0.00  0.00  0.00  0.00  0.00
  HS1306571.1             1.00   0.00  0.00  0.00  1.00  0.00  0.00  0.00  0.00  0.00
  HS1306601.1             1.00   0.00  0.00  0.00  1.00  0.00  0.00  0.00  0.70  0.00
  HS1306904.1             1.00   0.00  0.21  0.00  0.79  0.00  0.00  0.00  1.00  0.00
  HS1306904.2             1.00   0.00  0.00  0.00  1.00  0.00  0.00  0.00  0.00  0.00
  HS1308259.1             1.00   0.00  0.00  0.00  0.00  0.00  0.00  1.00  0.00  0.00
  HS1308301.1             1.00   0.00  0.00  0.00  1.00  0.00  0.00  0.00  0.00  0.00
  HS1308302.1             1.00   0.00  0.00  0.00  1.00  0.00  0.00  0.00  1.00  0.00
  HS1311288.1             1.00   0.00  0.00  0.00  1.00  0.00  0.00  0.00  1.00  0.00
  HS1311349.2             1.00   0.00  0.00  0.00  1.00  0.00  0.00  0.00  1.00  0.00
  HS1311887.1             1.00   0.00  0.00  0.00  1.00  0.00  0.00  0.00  1.00  0.00
  HS1313026.1             1.00   0.00  0.00  0.00  1.00  0.00  0.00  0.00  1.00  0.00
  HS1313044.1             1.00   0.00  0.00  0.00  1.00  0.00  0.00  0.00  0.00  0.00
  HS1313083.1             1.00   0.00  0.00  0.00  1.00  0.00  0.00  0.00  0.00  0.00
  HS1313083.2             1.00   0.00  0.00  0.00  1.00  0.00  0.00  0.00  0.00  0.00
  HS1313123.1             1.00   0.00  0.00  0.00  1.00  0.00  0.00  0.00  0.00  0.00
  HS1313167.1             1.00   0.00  0.00  0.00  1.00  0.00  0.00  0.00  1.00  0.00
  HS1313205.2             1.00   0.00  0.00  0.00  1.00  0.00  0.00  0.00  1.00  0.00
  HS1313220.1             1.00   0.00  0.00  0.00  1.00  0.00  0.00  0.00  0.03  0.00
  HS1313290.1             1.00   0.00  0.00  0.00  1.00  0.00  0.00  0.00  0.00  0.00
  HS1313298.1             1.00   0.00  0.00  0.00  1.00  0.00  0.00  0.00  0.67  0.00
  HS1313343.1             1.00   0.00  0.00  0.00  1.00  0.00  0.00  0.00  1.00  0.00
  HS1313391.1             1.00   0.00  0.00  0.00  1.00  0.00  0.00  0.00  0.00  0.00
  HS1313402.1             1.00   0.00  0.00  0.00  1.00  0.00  0.00  0.00  0.00  0.00
  HS1313402.2             1.00   0.00  0.00  0.00  1.00  0.00  0.00  0.00  1.00  0.00
  HS1313471.1             1.00   0.00  0.00  0.00  1.00  0.00  0.00  0.00  1.00  0.00
  HS1313508.1             1.00   0.00  0.00  0.00  1.00  0.00  0.00  0.00  1.00  0.00
  HS1313613.1             1.00   0.00  0.00  0.00  1.00  0.00  0.00  0.00  0.97  0.00
  HS1313618.1             1.00   0.00  0.00  0.00  1.00  0.00  0.00  0.00  0.99  0.00
  HS1313794.1             1.00   0.00  0.00  0.00  1.00  0.00  0.00  0.00  1.00  0.00
  HS1313803.1             1.00   0.00  0.00  0.00  1.00  0.00  0.00  0.00  0.00  0.00
  HS1313835.1             1.00   0.00  0.00  0.00  1.00  0.00  0.00  0.00  0.76  0.00
  HS1313835.2             1.00   0.00  0.00  0.00  1.00  0.00  0.00  0.00  0.00  0.00
  HS1313839.1             1.00   0.00  0.00  0.00  1.00  0.00  0.00  0.00  0.99  0.00
  HS1313965.1             1.00   0.00  0.00  0.00  1.00  0.00  0.00  0.00  1.00  0.00
  HS1314210.1             1.00   0.00  0.00  0.00  1.00  0.00  0.00  0.00  1.00  0.00
  HS1314237.1             1.00   0.00  0.00  0.00  1.00  0.00  0.00  0.00  0.00  0.00
  HS1314268.1             1.00   0.00  0.00  0.00  0.00  1.00  0.00  0.00  0.41  0.00
  HS1314505.1             1.00   0.00  0.00  0.00  1.00  0.00  0.00  0.00  0.00  0.00
  HS1314769.1             1.00   0.00  0.00  0.00  1.00  0.00  0.00  0.00  0.00  0.00
  HS1316177.1             1.00   0.00  0.00  0.00  1.00  0.00  0.00  0.00  0.25  0.00
  HS1316202.1             1.00   0.00  0.00  0.00  1.00  0.00  0.00  0.00  0.00  0.00
  HS1316207.1             1.00   0.00  0.00  0.00  1.00  0.00  0.00  0.00  0.00  0.00
  HS1316267.1             1.00   0.00  0.00  0.00  0.14  0.00  0.00  0.86  0.04  0.00
  HS1316302.1             1.00   0.00  0.00  0.00  1.00  0.00  0.00  0.00  1.00  0.00
  HS1316415.1             1.00   0.00  0.00  0.00  1.00  0.00  0.00  0.00  0.00  0.00
  HS1316417.1             1.00   0.00  0.00  0.00  1.00  0.00  0.00  0.00  1.00  0.00
  HS1316445.1             1.00   0.00  0.00  0.00  1.00  0.00  0.00  0.00  1.00  0.00
  HS1316467.1             1.00   0.00  0.00  0.00  1.00  0.00  0.00  0.00  1.00  0.00
  HS1316467.2             1.00   0.00  0.00  0.00  0.00  0.00  0.00  1.00  0.00  0.00
  HS1316532.1             1.46   0.00  0.00  0.00  1.00  0.00  0.00  0.00  1.00  0.00
  HS1316554.1             1.00   0.00  0.00  0.00  0.00  1.00  0.00  0.00  0.00  0.00
  HS1316563.1             1.00   0.00  0.00  0.00  1.00  0.00  0.00  0.00  0.00  0.00
  HS1316566.1             1.00   0.00  0.00  0.00  1.00  0.00  0.00  0.00  1.00  0.00
  HS1316585.1             1.00   0.00  0.00  0.00  0.93  0.07  0.00  0.00  0.32  0.00
  HS1316671.1             1.00   0.00  0.00  0.00  0.97  0.03  0.00  0.00  0.38  0.00
  HS1316676.1             1.00   0.00  0.00  0.00  1.00  0.00  0.00  0.00  1.00  0.00
  HS1316677.1             1.00   0.00  0.00  0.00  0.83  0.17  0.00  0.00  0.99  0.00
  HS1316721.1             1.00   0.00  0.00  0.00  1.00  0.00  0.00  0.00  0.00  0.00
  HS1316726.1             1.00   0.00  0.00  0.00  1.00  0.00  0.00  0.00  0.00  0.00
  HS1316786.1             1.00   0.00  0.00  0.00  0.00  1.00  0.00  0.00  0.00  0.00
  HS1316811.1             1.00   0.00  0.00  0.00  1.00  0.00  0.00  0.00  1.00  0.00
  HS1316814.1             1.00   0.00  0.00  0.00  1.00  0.00  0.00  0.00  1.00  0.00
  HS1316835.1             1.00   0.00  0.00  0.00  1.00  0.00  0.00  0.00  0.99  0.00
  HS1316849.1             1.00   0.00  0.00  0.00  0.85  0.15  0.00  0.00  0.01  0.00
  HS1317102.1             1.00   0.00  1.00  0.00  0.00  0.00  0.00  0.00  0.00  0.00
  HS1318293.1             1.00   0.00  0.00  0.00  1.00  0.00  0.00  0.00  0.00  0.00
  HS1318293.2             1.00   0.00  0.00  0.00  1.00  0.00  0.00  0.00  1.00  0.00
  HS1344159.1             1.00   0.00  0.00  0.00  1.00  0.00  0.00  0.00  0.12  0.00
  HS1344261.1             1.00   0.00  0.00  0.00  0.49  0.51  0.00  0.00  0.00  0.00
  HS1344263.1             1.00   0.00  0.00  0.00  1.00  0.00  0.00  0.00  0.99  0.00
  HS1344902.1             1.00   0.00  0.00  0.00  0.04  0.96  0.00  0.00  0.00  0.00
  HS2003013.1             1.00   0.00  0.00  0.00  1.00  0.00  0.00  0.00  0.00  0.00
  HS2003015.1             1.00   0.00  0.00  0.00  1.00  0.00  0.00  0.00  1.00  0.00
  HS2003023.1             1.00   0.00  0.00  0.00  1.00  0.00  0.00  0.00  0.00  0.00
  HS2003046.1             1.00   0.00  0.00  0.00  1.00  0.00  0.00  0.00  0.32  0.00
  HS2003070.1             1.00   0.00  0.00  0.00  1.00  0.00  0.00  0.00  0.88  0.00
  HS2003085.1             1.00   0.00  0.00  0.00  1.00  0.00  0.00  0.00  0.00  0.00
  HS2003125.1             1.00   0.00  0.00  0.00  1.00  0.00  0.00  0.00  1.00  0.00
  MH0100292.1             1.00   0.00  0.00  0.00  1.00  0.00  0.00  0.00  0.00  0.00
  MH0101924.1             1.00   0.00  0.00  0.00  1.00  0.00  0.00  0.00  1.00  0.00
  MH0201597.1             1.00   0.00  0.00  0.00  1.00  0.00  0.00  0.00  1.00  0.00
  MH0201710.1             1.00   0.00  0.00  0.00  1.00  0.00  0.00  0.00  0.22  0.00
  MH0241587.1             1.00   0.00  0.00  0.00  1.00  0.00  0.00  0.00  0.74  0.00
  MH0242298.1             1.00   0.00  0.00  0.00  1.00  0.00  0.00  0.00  0.14  0.00
  MH0242303.1             1.00   0.00  0.00  0.00  1.00  0.00  0.00  0.00  1.00  0.00
  MH0242782.1             1.00   0.00  0.00  0.00  1.00  0.00  0.00  0.00  1.00  0.00
  MH0258475.1             1.00   0.00  0.00  0.00  1.00  0.00  0.00  0.00  0.99  0.00
  VP0232532.1             1.00   0.00  0.00  0.00  1.00  0.00  0.00  0.00  0.00  0.00
  YS2003067.1             1.00   0.00  0.00  0.00  1.00  0.00  0.00  0.00  0.00  0.00
  HS2003014.2             1.00   0.00  0.00  0.00  0.00  1.00  0.00  0.00  0.00  0.00
  HS2003014.1             1.00   0.00  0.00  0.00  0.00  1.00  0.00  0.00  0.00  0.00
  1                       1.00   0.00  0.00  0.00  1.00  0.00  0.00  0.00  0.00  0.00
  2                       1.00   0.00  0.00  0.00  1.00  0.00  0.00  0.00  0.00  0.00
  C_HS1313487_HS1313415    1.00   0.00  0.00  0.00  1.00  0.00  0.00  0.00  0.00  0.00
  link_3                  1.00   0.00  0.00  0.00  1.00  0.00  0.00  0.00  1.00  0.00
  link_4                  1.00   0.00  0.00  0.00  1.00  0.00  0.00  0.00  1.00  0.00
  link_6                  1.00   0.00  0.00  0.00  1.00  0.00  0.00  0.00  1.00  0.00
  link_9                  1.00   0.00  0.00  0.00  1.00  0.00  0.00  0.00  1.00  0.00
  link_10                 1.00   0.00  0.00  0.00  1.00  0.00  0.00  0.00  1.00  0.00
  link_11                 1.00   0.00  0.00  0.00  1.00  0.00  0.00  0.00  1.00  0.00
  5                       1.00   0.00  0.00  0.00  1.00  0.00  0.00  0.00  1.00  0.00
  6                       1.00   0.00  0.00  0.00  1.00  0.00  0.00  0.00  1.00  0.00
  7                       1.00   0.00  0.00  0.00  1.00  0.00  0.00  0.00  0.00  0.00
  8                       1.00   0.00  0.00  0.00  1.00  0.00  0.00  0.00  1.00  0.00
  9                       1.00   0.00  1.00  0.00  0.00  0.00  0.00  0.00  0.00  0.00
  10                      1.00   0.00  1.00  0.00  0.00  0.00  0.00  0.00  0.00  0.00
  11                      1.00   0.00  0.00  0.00  1.00  0.00  0.00  0.00  1.00  0.00
  12                      1.00   0.00  0.00  0.00  1.00  0.00  0.00  0.00  1.00  0.00
  13                      1.00   0.00  0.00  0.00  1.00  0.00  0.00  0.00  1.00  0.00
  14                      1.00   0.00  0.00  0.00  1.00  0.00  0.00  0.00  0.17  0.00
  15                      1.00   0.00  0.00  0.00  1.00  0.00  0.00  0.00  0.00  0.00
  16                      1.00   0.00  0.00  0.00  0.96  0.04  0.00  0.00  0.00  0.00
  17                      1.00   0.00  0.00  0.00  1.00  0.00  0.00  0.00  1.00  0.00
  18                      1.00   0.00  0.00  0.00  1.00  0.00  0.00  0.00  1.00  0.00
  19                      1.00   0.00  0.00  0.00  1.00  0.00  0.00  0.00  1.00  0.00
  20                      1.00   0.00  0.00  0.00  1.00  0.00  0.00  0.00  1.00  0.00
  21                      1.00   0.00  0.00  0.00  1.00  0.00  0.00  0.00  1.00  0.00
  22                      1.00   0.00  0.00  0.00  1.00  0.00  0.00  0.00  1.00  0.00
  23                      1.00   0.00  0.00  0.00  0.00  1.00  0.00  0.00  0.00  0.00
  24                      1.00   0.00  0.00  0.00  1.00  0.00  0.00  0.00  1.00  0.00
  25                      1.00   0.00  0.00  0.00  1.00  0.00  0.00  0.00  0.79  0.00
  26                      1.00   0.00  0.00  0.00  1.00  0.00  0.00  0.00  0.00  0.00
  28                      1.00   0.00  0.00  0.00  1.00  0.00  0.00  0.00  1.00  0.00
  29                      1.00   0.00  0.00  0.00  1.00  0.00  0.00  0.00  1.00  0.00
  30                      1.00   0.00  0.00  0.00  1.00  0.00  0.00  0.00  1.00  0.00
  31                      1.00   0.00  0.00  0.00  1.00  0.00  0.00  0.00  1.00  0.00
  32                      1.00   0.00  0.00  0.00  1.00  0.00  0.00  0.00  0.00  0.00
  33                      1.00   0.00  0.00  0.00  1.00  0.00  0.00  0.00  0.37  0.00
  34                      1.00   0.00  0.00  0.00  1.00  0.00  0.00  0.00  1.00  0.00
  35                      1.00   0.00  0.00  0.00  0.92  0.08  0.00  0.00  0.00  0.00
  36                      1.00   0.00  0.00  0.00  1.00  0.00  0.00  0.00  1.00  0.00
  38                      1.00   0.00  0.00  0.00  1.00  0.00  0.00  0.00  0.32  0.00
  39                      1.00   0.00  0.00  0.00  1.00  0.00  0.00  0.00  0.00  0.00
  40                      1.00   0.00  0.00  0.00  1.00  0.00  0.00  0.00  1.00  0.00
  41                      1.00   0.00  0.00  0.00  1.00  0.00  0.00  0.00  1.00  0.00
  
  
  *************************
  Conduit Surcharge Summary
  *************************
  
  No conduits were surcharged.
  
  
  ***************************
  Link Pollutant Load Summary
  ***************************
  
  --------------------------------------------------------------------------------------------------------------------------------------------------
                                BODf          BODs           NH4           NO3            DO          TSSs          TSSn         TR_in         TR_ww
  Link                            kg            kg            kg            kg            kg            kg            kg            kg            kg
  --------------------------------------------------------------------------------------------------------------------------------------------------
  HS1306554.1                754.390       187.502       115.001         2.249         7.494       611.062         0.000         0.000         0.000
  HS1306554.2               1116.749       277.376       170.013         3.322        11.080       904.518         0.000         0.000         0.000
  HS1306571.1               3595.970       892.671       547.727        10.691        35.741      2913.025         0.000         0.000         0.000
  HS1306601.1               1115.709       277.038       170.059         3.327        10.923       906.019         0.000         0.000         0.000
  HS1306904.1                192.932        47.937        27.974         0.591         1.215       158.189         0.000         0.000         0.000
  HS1306904.2               6132.217      1532.414       891.045        18.333        47.791      4994.293         0.000         0.000         0.000
  HS1308259.1                409.327       101.703        62.020         1.208         4.110       331.715         0.000         0.000         0.000
  HS1308301.1                796.728       198.371       116.873         2.397         6.166       649.359         0.000         0.000         0.000
  HS1308302.1                942.516       234.763       139.184         2.827         7.645       767.477         0.000         0.000         0.000
  HS1311288.1                 11.984         2.979         1.817         0.035         0.121         9.653         0.000         0.000         0.000
  HS1311349.2                 95.429        23.766        14.578         0.283         0.952        77.582         0.000         0.000         0.000
  HS1311887.1                508.088       125.934        77.077         1.508         5.022       410.788         0.000         0.000         0.000
  HS1313026.1                511.388       126.082        77.187         1.497         5.082       412.960         0.000         0.000         0.000
  HS1313044.1                297.757        74.121        45.454         0.884         3.029       241.047         0.000         0.000         0.000
  HS1313083.1                880.337       217.786       134.041         2.633         8.686       712.158         0.000         0.000         0.000
  HS1313083.2                 62.916        15.922         9.747         0.188         0.653        51.277         0.000         0.000         0.000
  HS1313123.1                929.174       229.959       141.590         2.782         9.172       752.295         0.000         0.000         0.000
  HS1313167.1                223.986        55.496        34.075         0.669         2.251       181.104         0.000         0.000         0.000
  HS1313205.2               1646.512       408.532       250.599         4.896        16.486      1332.833         0.000         0.000         0.000
  HS1313220.1               1072.779       265.792       163.168         3.182        10.745       868.589         0.000         0.000         0.000
  HS1313290.1               1297.166       320.981       196.886         3.828        12.893      1047.262         0.000         0.000         0.000
  HS1313298.1               1074.746       266.080       163.219         3.173        10.690       867.500         0.000         0.000         0.000
  HS1313343.1                347.443        86.174        52.798         1.042         3.515       280.962         0.000         0.000         0.000
  HS1313391.1               1947.278       483.213       296.493         5.794        19.466      1576.941         0.000         0.000         0.000
  HS1313402.1               1286.645       321.275       184.523         3.852         9.401      1047.970         0.000         0.000         0.000
  HS1313402.2               2120.715       530.216       304.556         6.358        15.442      1728.993         0.000         0.000         0.000
  HS1313471.1                172.073        42.367        26.032         0.508         1.692       138.642         0.000         0.000         0.000
  HS1313508.1                 63.979        15.797         9.650         0.191         0.645        51.590         0.000         0.000         0.000
  HS1313613.1                 98.295        24.177        14.820         0.289         0.957        79.055         0.000         0.000         0.000
  HS1313618.1                136.734        33.896        20.775         0.402         1.405       109.622         0.000         0.000         0.000
  HS1313794.1               1547.980       386.282       224.417         4.627        11.988      1259.945         0.000         0.000         0.000
  HS1313803.1               1364.351       340.572       196.382         4.082        10.166      1111.116         0.000         0.000         0.000
  HS1313835.1                604.616       150.585        88.974         1.806         4.967       491.370         0.000         0.000         0.000
  HS1313835.2               1669.711       415.643       245.542         4.970        14.113      1354.463         0.000         0.000         0.000
  HS1313839.1                122.957        30.447        18.606         0.367         1.244        99.735         0.000         0.000         0.000
  HS1313965.1                227.246        56.304        34.346         0.670         2.199       184.279         0.000         0.000         0.000
  HS1314210.1                130.791        32.351        19.867         0.391         1.255       105.985         0.000         0.000         0.000
  HS1314237.1                918.193       226.373       138.874         2.712         9.130       741.219         0.000         0.000         0.000
  HS1314268.1                943.105       232.584       142.685         2.786         9.374       761.455         0.000         0.000         0.000
  HS1314505.1                306.867        98.767        20.439         1.204         3.057       302.309         0.000         0.000         0.000
  HS1314769.1                501.311       150.299        33.334         1.781         1.902       471.971         0.000         0.000         0.000
  HS1316177.1               2301.131       573.032       341.886         6.850        20.421      1867.539         0.000         0.000         0.000
  HS1316202.1               2523.791       628.486       375.888         7.509        22.655      2048.660         0.000         0.000         0.000
  HS1316207.1               4804.437      1193.153       721.314        14.224        45.336      3890.791         0.000         0.000         0.000
  HS1316267.1                511.589       126.992        77.530         1.506         5.069       414.609         0.000         0.000         0.000
  HS1316302.1                 88.790        22.116        13.440         0.262         0.906        71.766         0.000         0.000         0.000
  HS1316415.1                190.714        47.082        28.808         0.559         1.905       154.041         0.000         0.000         0.000
  HS1316417.1                325.523        80.508        49.141         0.962         3.132       262.606         0.000         0.000         0.000
  HS1316445.1                226.696        55.959        34.268         0.665         2.262       183.036         0.000         0.000         0.000
  HS1316467.1                572.415       141.782        86.421         1.673         5.698       461.001         0.000         0.000         0.000
  HS1316467.2                 25.128         6.222         3.814         0.075         0.246        20.352         0.000         0.000         0.000
  HS1316532.1               2282.214       564.958       345.589         6.717        22.703      1842.942         0.000         0.000         0.000
  HS1316554.1               1568.198       388.453       237.492         4.610        15.693      1266.309         0.000         0.000         0.000
  HS1316563.1               1569.726       388.662       237.604         4.612        15.706      1267.049         0.000         0.000         0.000
  HS1316566.1               1000.257       247.479       151.509         2.944        10.051       807.583         0.000         0.000         0.000
  HS1316585.1                857.367       212.172       129.965         2.524         8.606       692.389         0.000         0.000         0.000
  HS1316671.1                297.900        73.420        45.136         0.868         2.992       239.431         0.000         0.000         0.000
  HS1316676.1                 71.730        17.795        10.904         0.212         0.719        58.033         0.000         0.000         0.000
  HS1316677.1                 95.681        23.726        14.538         0.283         0.958        77.390         0.000         0.000         0.000
  HS1316721.1                559.351       138.391        84.792         1.653         5.533       451.973         0.000         0.000         0.000
  HS1316726.1                372.575        92.595        56.430         1.099         3.740       301.846         0.000         0.000         0.000
  HS1316786.1                708.936       175.214       107.308         2.091         6.962       572.434         0.000         0.000         0.000
  HS1316811.1                228.379        56.501        34.605         0.673         2.229       184.576         0.000         0.000         0.000
  HS1316814.1                116.886        28.906        17.724         0.347         1.180        94.387         0.000         0.000         0.000
  HS1316835.1                188.379        46.619        28.584         0.559         1.889       152.130         0.000         0.000         0.000
  HS1316849.1                241.284        59.669        36.579         0.714         2.412       194.876         0.000         0.000         0.000
  HS1317102.1                  0.000         0.000         0.000         0.000         0.000         0.000         0.000         0.000         0.000
  HS1318293.1               1498.313       371.652       228.113         4.452        14.923      1212.837         0.000         0.000         0.000
  HS1318293.2               2099.489       520.515       319.567         6.230        20.889      1698.793         0.000         0.000         0.000
  HS1344159.1               1793.233       446.460       264.577         5.348        15.372      1454.693         0.000         0.000         0.000
  HS1344261.1                 84.632        20.985        12.750         0.249         0.861        68.191         0.000         0.000         0.000
  HS1344263.1                472.831       117.041        71.514         1.397         4.734       382.234         0.000         0.000         0.000
  HS1344902.1                164.032        40.677        24.927         0.485         1.643       132.670         0.000         0.000         0.000
  HS2003013.1                556.857       169.511        37.134         2.009         2.096       533.267         0.000         0.000         0.000
  HS2003015.1               2366.379       599.254       313.701         7.210         9.080      1954.463         0.000         0.000         0.000
  HS2003023.1               2369.731       598.791       320.339         7.203        10.876      1953.310         0.000         0.000         0.000
  HS2003046.1               2392.179       599.463       348.424         7.206        18.269      1956.762         0.000         0.000         0.000
  HS2003070.1               1294.723       323.404       198.363         3.886        13.022      1054.880         0.000         0.000         0.000
  HS2003085.1                673.077       167.304       102.666         2.005         6.739       546.530         0.000         0.000         0.000
  HS2003125.1                 55.151        13.836         8.424         0.167         0.551        45.021         0.000         0.000         0.000
  MH0100292.1               1000.802       251.373       135.631         3.010         4.908       818.573         0.000         0.000         0.000
  MH0101924.1               1146.140       288.496       152.819         3.458         4.881       940.024         0.000         0.000         0.000
  MH0201597.1                230.937        57.409        35.096         0.681         2.377       185.652         0.000         0.000         0.000
  MH0201710.1                529.269       131.040        80.450         1.577         5.173       428.453         0.000         0.000         0.000
  MH0241587.1                329.790        81.781        50.024         0.978         3.337       266.260         0.000         0.000         0.000
  MH0242298.1                403.531        99.853        61.015         1.180         3.956       325.601         0.000         0.000         0.000
  MH0242303.1                596.727       147.799        90.266         1.744         5.931       480.808         0.000         0.000         0.000
  MH0242782.1                298.585        73.901        45.054         0.878         2.989       241.040         0.000         0.000         0.000
  MH0258475.1                 93.720        23.098        14.182         0.277         0.917        75.868         0.000         0.000         0.000
  VP0232532.1                 44.740        11.461         6.987         0.134         0.467        36.643         0.000         0.000         0.000
  YS2003067.1               1261.300       314.797       193.074         3.783        12.685      1027.060         0.000         0.000         0.000
  HS2003014.2               8801.421      2236.302      1194.216        26.827        51.598      7287.424         0.000         0.000         0.000
  HS2003014.1                143.807       534.302         0.000        26.803        51.541       980.937         0.000         0.000         0.000
  1                          381.729       136.775        19.382         1.687         4.509       415.890         0.000         0.000         0.000
  2                         7272.356      1861.560      1012.391        22.282        54.601      6037.252         0.000         0.000         0.000
  C_HS1313487_HS1313415       238.060        58.789        36.078         0.706         2.359       192.172         0.000         0.000         0.000
  link_3                     304.009        75.165        46.161         0.902         3.010       245.764         0.000         0.000         0.000
  link_4                      46.657        11.580         7.105         0.137         0.465        37.601         0.000         0.000         0.000
  link_6                     407.308       100.946        61.753         1.207         4.115       328.858         0.000         0.000         0.000
  link_9                      20.880         5.171         3.159         0.061         0.207        16.860         0.000         0.000         0.000
  link_10                    186.332        46.059        28.213         0.549         1.837       150.179         0.000         0.000         0.000
  link_11                     66.999        16.610        10.168         0.198         0.671        53.965         0.000         0.000         0.000
  5                           33.708         8.345         5.083         0.099         0.331        27.189         0.000         0.000         0.000
  6                           66.678        16.564        10.155         0.196         0.678        53.789         0.000         0.000         0.000
  7                          293.389        72.799        44.464         0.866         2.873       237.823         0.000         0.000         0.000
  8                          310.210        77.032        47.051         0.916         3.047       251.565         0.000         0.000         0.000
  9                            0.000         0.000         0.000         0.000         0.000         0.000         0.000         0.000         0.000
  10                           0.000         0.000         0.000         0.000         0.000         0.000         0.000         0.000         0.000
  11                           4.761         1.184         0.724         0.014         0.047         3.852         0.000         0.000         0.000
  12                         446.770       110.819        67.980         1.333         4.396       362.105         0.000         0.000         0.000
  13                        3686.818       916.132       562.143        10.958        36.943      2987.271         0.000         0.000         0.000
  14                        1972.444       488.368       300.053         5.866        19.596      1596.731         0.000         0.000         0.000
  15                        2097.593       519.807       319.236         6.241        20.845      1698.549         0.000         0.000         0.000
  16                         729.176       180.231       110.630         2.133         7.198       587.566         0.000         0.000         0.000
  17                         143.635        35.368        21.746         0.422         1.412       115.769         0.000         0.000         0.000
  18                          48.420        12.004         7.306         0.140         0.484        38.882         0.000         0.000         0.000
  19                         746.217       184.461       113.076         2.200         7.411       603.471         0.000         0.000         0.000
  20                          61.653        15.249         9.375         0.184         0.620        49.962         0.000         0.000         0.000
  21                         235.984        58.485        35.936         0.704         2.335       190.981         0.000         0.000         0.000
  22                          43.982        10.918         6.679         0.130         0.436        35.503         0.000         0.000         0.000
  23                         226.091        55.684        34.178         0.671         2.261       182.080         0.000         0.000         0.000
  24                         224.247        55.181        33.864         0.665         2.244       180.415         0.000         0.000         0.000
  25                         112.413        28.318        17.288         0.334         1.148        91.258         0.000         0.000         0.000
  26                         117.544        29.049        17.774         0.352         1.189        94.959         0.000         0.000         0.000
  28                         385.555        95.297        58.538         1.128         3.883       310.670         0.000         0.000         0.000
  29                         168.236        41.672        25.496         0.496         1.680       135.886         0.000         0.000         0.000
  30                          83.201        20.522        12.574         0.243         0.814        66.885         0.000         0.000         0.000
  31                         303.354        75.041        46.004         0.898         3.033       245.039         0.000         0.000         0.000
  32                        5358.356      1331.060       805.536        15.864        50.781      4339.143         0.000         0.000         0.000
  33                        6981.547      1737.500      1049.784        20.728        65.332      5663.560         0.000         0.000         0.000
  34                          72.894        17.966        11.005         0.212         0.712        58.522         0.000         0.000         0.000
  35                         201.233        49.934        30.524         0.593         1.986       162.956         0.000         0.000         0.000
  36                         285.445        70.912        43.329         0.857         2.915       230.783         0.000         0.000         0.000
  38                         994.100       246.009       150.892         2.949         9.905       804.630         0.000         0.000         0.000
  39                         299.889        75.946        46.593         0.908         3.070       246.172         0.000         0.000         0.000
  40                         506.205       125.699        76.951         1.506         5.009       409.863         0.000         0.000         0.000
  41                         169.863        42.180        25.824         0.501         1.732       136.544         0.000         0.000         0.000
  

  Analysis begun on:  Mon Mar  9 20:05:29 2026
  Analysis ended on:  Mon Mar  9 20:05:36 2026
  Total elapsed time: 00:00:07